# Identifier mapping file generated Mon Jul 25 14:36:06 2016 UTC
# from:
#   lib/zlib.js

$=$
A=g7
ACTION_AUTHENTICATE_AND_OPEN=ACTION_AUTHENTICATE_AND_OPEN
ACTION_AUTHENTICATE_AND_OPEN$=_I
ACTION_OPEN=ACTION_OPEN
ACTION_OPEN$=aa
ACTION_SAVE=ACTION_SAVE
ACTION_SAVE$=_U
ACTION_SAVE_ONE_FILE=ACTION_SAVE_ONE_FILE
ACTION_SAVE_ONE_FILE$=ab
ACTION_SELF_TEST$=jB
ACTION_VERIFY_POSTMARK=ACTION_VERIFY_POSTMARK
ACTION_VERIFY_POSTMARK$=jc
ACTION_VERIFY_SIGNATURE=ACTION_VERIFY_SIGNATURE
ACTION_VERIFY_SIGNATURE$=jd
AES=AES
AESTables=k
ARC4=ARC4
AddRoundKey=O
B=g8
BLOCK_SIZE=lY
Base64Encoding=cX
Box=Box
C=g9
CBC=U
COMMENT_NODE=je
CONV_NONE=ix
CONV_TEXT=iL
CONV_UTF_BIG_ENDIAN=iC
CONV_UTF_LITTLE_ENDIAN=iD
COOKIE_BAD_PASSWORD_COUNT=db
COOKIE_CHECK=dc
COOKIE_HARDENER=ac
COOKIE_PREFERENCES=dd
COOKIE_SESSION_KEY_CACHE=de
COOKIE_TOOLS_NAME=ad
COOKIE_USER_KEY_CACHE=df
CRC=dJ
Ch=mc
Chart=ke
Circle=kf
D=h_
DEBUG=j0
DIGEST_LENGTH=mj
DOMAppletHolder=ae
DRAW=kg
Diagram=Diagram
EXPIRY_BAD_PASSWORD_COUNT=dg
EXPIRY_HARDENER=dh
EXPIRY_PREFERENCES=di
EXPIRY_SESSION_KEY_CACHE=dj
EXPIRY_TOOLS=dk
EXPIRY_USER_KEY_CACHE=dl
EnvelopeOpener=el
F=hd
FILL=kh
FLAG_DISPLAY=jf
FLAG_HIDDEN=jC
FLAG_LAUNCH=jD
FLAG_NEEDAPPLET=jg
FLAG_NEWWINDOW=jE
FLAG_SECURE=iW
FLAG_WRITE=jh
Font=ni
G=he
H=hf
HTML=f2
HTMLLen=g_
I=hg
IFLAG_DATA_HAS_ESCAPED_NEWLINES=gf
IFLAG_PALETTE_NORMALIZED=gg
INDEX_DATA=ed
INDEX_ENCODING=jF
INDEX_FILENAME=jG
INDEX_FLAGS=iE
INDEX_HTMLDESC=jH
INDEX_ORIG_FILENAME=jI
INDEX_TEXTDESC=jJ
INDEX_TYPE=iX
IV=P
InvMixColumn=_c
InvShiftRows=V
InvSubBytes=W
K=mk
KFLAG_AUTO_OPEN=gF
KFLAG_ENCRYPTED_AES=gI
KFLAG_ENCRYPTED_ARC4=af
KFLAG_PLAIN_KEY=gJ
KFLAG_RECIPIENT_PREPENDED=gz
Line=Line
Long=g3
M=lZ
MD5=MD5
MUsed=l3
Maj=md
N4AppletHolder=f0
Nb=x
Nk=l
Node=Node
Nr=F
OSMacOS=_V
OSMacOS9=OSMacOS9
OSMacOS9$=fF
OSMacOSX=OSMacOSX
OSMacOSX$=_W
PFLAG_ALLOW_USING_ONLINE_OPENER=PFLAG_ALLOW_USING_ONLINE_OPENER
PFLAG_ALLOW_USING_ONLINE_OPENER$=iM
PFLAG_AUTO_OPEN=PFLAG_AUTO_OPEN
PFLAG_AUTO_OPEN$=hP
PFLAG_CACHE_SESSION_KEY=PFLAG_CACHE_SESSION_KEY
PFLAG_CACHE_SESSION_KEY$=h2
PFLAG_CACHE_USER_KEY=PFLAG_CACHE_USER_KEY
PFLAG_CACHE_USER_KEY$=i_
PFLAG_CRYPT_COMPRESSED$=em
PFLAG_ENABLE_PSP=PFLAG_ENABLE_PSP
PFLAG_ENABLE_PSP$=ji
PFLAG_ENCRYPT_CACHED_SESSION_KEY=PFLAG_ENCRYPT_CACHED_SESSION_KEY
PFLAG_ENCRYPT_CACHED_SESSION_KEY$=h3
PFLAG_LAUNCH_IN_SAME_WINDOW=PFLAG_LAUNCH_IN_SAME_WINDOW
PFLAG_LAUNCH_IN_SAME_WINDOW$=jz
PFLAG_OPEN_REQUIRES_APPLET=PFLAG_OPEN_REQUIRES_APPLET
PFLAG_OPEN_REQUIRES_APPLET$=iF
PFLAG_PLAIN_COMPRESSED$=en
PFLAG_REMEMBER_ME=PFLAG_REMEMBER_ME
PFLAG_REMEMBER_ME$=jj
PFLAG_SUPPRESS_APPLET_FOR_OPEN=PFLAG_SUPPRESS_APPLET_FOR_OPEN
PFLAG_SUPPRESS_APPLET_FOR_OPEN$=jk
PFLAG_USE_BROWSER=PFLAG_USE_BROWSER
PFLAG_USE_BROWSER$=jA
POLLING_EXPONENTIAL=POLLING_EXPONENTIAL
POLLING_EXPONENTIAL$=kD
POLLING_LINEAR=POLLING_LINEAR
POLLING_LINEAR$=kG
PieChart=PieChart
Point=j1
Preferences=kX
ROTL=l1
ROTR=m_
RPCCallback=l_
RPCFlags=la
RPCRef=k3
RPCSource=lb
RPCState=iY
RPCStatus=iG
RPCTimeout=lc
RPCTimer=k2
RPC_FLAG_NEED_SESSION_KEY=RPC_FLAG_NEED_SESSION_KEY
RPC_GOOGLE_WRONG_USER_SELECTED$=lO
RPC_SOURCE_AUTH_FRAME=RPC_SOURCE_AUTH_FRAME
RPC_SOURCE_AUTH_FRAME$=lg
RPC_SOURCE_ENVELOPE=RPC_SOURCE_ENVELOPE
RPC_SOURCE_ENVELOPE$=lh
RPC_SSO_LOGIN_FAILED$=lP
RPC_STATE_ECHO=RPC_STATE_ECHO
RPC_STATE_ECHO$=li
RPC_STATE_OPENING_ENVELOPE=RPC_STATE_OPENING_ENVELOPE
RPC_STATE_OPENING_ENVELOPE$=jl
RPC_STATE_POLL_RESULT=RPC_STATE_POLL_RESULT
RPC_STATE_POLL_RESULT$=lj
RPC_STATE_SAVING_ENVELOPE=RPC_STATE_SAVING_ENVELOPE
RPC_STATE_SAVING_ENVELOPE$=jm
RPC_STATE_SELECTING_RECIPIENT=RPC_STATE_SELECTING_RECIPIENT
RPC_STATE_SELECTING_RECIPIENT$=lk
RPC_STATE_UNPOLL=lQ
RPC_STATE_UNPOLL$=kK
RPC_STATE_UPDATE_LOCALE=lR
RPC_STATE_UPDATE_LOCALE$=ll
RPC_STATE_VERIFIED_ENVELOPE_FAILURE=RPC_STATE_VERIFIED_ENVELOPE_FAILURE
RPC_STATE_VERIFIED_ENVELOPE_FAILURE$=lm
RPC_STATE_VERIFIED_ENVELOPE_SUCCESS=RPC_STATE_VERIFIED_ENVELOPE_SUCCESS
RPC_STATE_VERIFIED_ENVELOPE_SUCCESS$=ln
RPC_STATE_VERIFYING_ENVELOPE=RPC_STATE_VERIFYING_ENVELOPE
RPC_STATE_VERIFYING_ENVELOPE$=lo
RPC_STATE_VIEWING_ENVELOPE=RPC_STATE_VIEWING_ENVELOPE
RPC_STATE_VIEWING_ENVELOPE$=lp
RPC_STATE_VIEWING_PAYLOAD=RPC_STATE_VIEWING_PAYLOAD
RPC_STATE_VIEWING_PAYLOAD$=lq
RPC_STATUS_ACCESSCHECK_FAILED=RPC_STATUS_ACCESSCHECK_FAILED
RPC_STATUS_ACCESSCHECK_FAILED$=lr
RPC_STATUS_AUTHENTICATION_FAILED=RPC_STATUS_AUTHENTICATION_FAILED
RPC_STATUS_AUTHENTICATION_FAILED$=ls
RPC_STATUS_BAD_PASSWORD=RPC_STATUS_BAD_PASSWORD
RPC_STATUS_BAD_PASSWORD$=jn
RPC_STATUS_ENVELOPE_LOCKED=RPC_STATUS_ENVELOPE_LOCKED
RPC_STATUS_ENVELOPE_LOCKED$=lt
RPC_STATUS_EXCEED_MAX_FAILED_OPENS=RPC_STATUS_EXCEED_MAX_FAILED_OPENS
RPC_STATUS_EXCEED_MAX_FAILED_OPENS$=lu
RPC_STATUS_EXPIRED=RPC_STATUS_EXPIRED
RPC_STATUS_EXPIRED$=lv
RPC_STATUS_FAILED_TO_UPDATE_DB$=lS
RPC_STATUS_INVALID_SESSION=RPC_STATUS_INVALID_SESSION
RPC_STATUS_INVALID_SESSION$=lw
RPC_STATUS_IN_MAINTENANCE$=lT
RPC_STATUS_MALFORMED_REQUEST=RPC_STATUS_MALFORMED_REQUEST
RPC_STATUS_MALFORMED_REQUEST$=lx
RPC_STATUS_NOT_REGISTERED=RPC_STATUS_NOT_REGISTERED
RPC_STATUS_NOT_REGISTERED$=ly
RPC_STATUS_NO_LOGIN_SESSION=RPC_STATUS_NO_LOGIN_SESSION
RPC_STATUS_NO_LOGIN_SESSION$=lz
RPC_STATUS_NO_RECORD_FOUND=RPC_STATUS_NO_RECORD_FOUND
RPC_STATUS_NO_RECORD_FOUND$=lA
RPC_STATUS_NO_SERVER=RPC_STATUS_NO_SERVER
RPC_STATUS_NO_SERVER$=lf
RPC_STATUS_PASSWORD_EXPIRED=RPC_STATUS_PASSWORD_EXPIRED
RPC_STATUS_PASSWORD_EXPIRED$=lB
RPC_STATUS_PERMANENT_LOCKED=RPC_STATUS_PERMANENT_LOCKED
RPC_STATUS_PERMANENT_LOCKED$=lC
RPC_STATUS_POLL_FAILED=RPC_STATUS_POLL_FAILED
RPC_STATUS_POLL_FAILED$=lD
RPC_STATUS_RECIPIENT_BLOCKED=RPC_STATUS_RECIPIENT_BLOCKED
RPC_STATUS_RECIPIENT_BLOCKED$=lE
RPC_STATUS_RECIPIENT_IDENTIFIED_AUTH_REQUIRED=RPC_STATUS_RECIPIENT_IDENTIFIED_AUTH_REQUIRED
RPC_STATUS_RECIPIENT_IDENTIFIED_AUTH_REQUIRED$=lF
RPC_STATUS_RECIPIENT_IDENTIFIED_NO_AUTH_REQUIRED=RPC_STATUS_RECIPIENT_IDENTIFIED_NO_AUTH_REQUIRED
RPC_STATUS_RECIPIENT_IDENTIFIED_NO_AUTH_REQUIRED$=lG
RPC_STATUS_RECIPIENT_LOCKED=RPC_STATUS_RECIPIENT_LOCKED
RPC_STATUS_RECIPIENT_LOCKED$=lH
RPC_STATUS_RECIPIENT_NOT_ACTIVATED=RPC_STATUS_RECIPIENT_NOT_ACTIVATED
RPC_STATUS_RECIPIENT_NOT_ACTIVATED$=lI
RPC_STATUS_RECIPIENT_NOT_IDENTIFIED=RPC_STATUS_RECIPIENT_NOT_IDENTIFIED
RPC_STATUS_RECIPIENT_NOT_IDENTIFIED$=lJ
RPC_STATUS_RECIPIENT_NOT_SENT_ENVELOPE=RPC_STATUS_RECIPIENT_NOT_SENT_ENVELOPE
RPC_STATUS_RECIPIENT_NOT_SENT_ENVELOPE$=lK
RPC_STATUS_RECIPIENT_SUSPENDED=RPC_STATUS_RECIPIENT_SUSPENDED
RPC_STATUS_RECIPIENT_SUSPENDED$=lL
RPC_STATUS_SERVER_ERROR=RPC_STATUS_SERVER_ERROR
RPC_STATUS_SERVER_ERROR$=lM
RPC_STATUS_TEMPORARY_LOCKED=RPC_STATUS_TEMPORARY_LOCKED
RPC_STATUS_TEMPORARY_LOCKED$=lN
RPC_STATUS_VALID=RPC_STATUS_VALID
RPC_STATUS_VALID$=iZ
Rcon=X
SHA1=SHA1
SHA256=dR
STATUS_APPLETINTERNALERROR$=fr
STATUS_BADENCODING=STATUS_BADENCODING
STATUS_BADENCODING$=ia
STATUS_BADHASH=STATUS_BADHASH
STATUS_BADHASH$=fs
STATUS_BADPASSWORD=STATUS_BADPASSWORD
STATUS_BADPASSWORD$=eo
STATUS_BADPOSTMARK=STATUS_BADPOSTMARK
STATUS_BADPOSTMARK$=ib
STATUS_BADSIGNATURE=STATUS_BADSIGNATURE
STATUS_BADSIGNATURE$=ic
STATUS_DONE=STATUS_DONE
STATUS_DONE$=d7
STATUS_ENVELOPEDAMAGED$=ft
STATUS_ENVELOPEMISSING$=fu
STATUS_INCOMPATIBLE=STATUS_INCOMPATIBLE
STATUS_INCOMPATIBLE$=fv
STATUS_INPROGRESS=STATUS_INPROGRESS
STATUS_INPROGRESS$=h4
STATUS_NEW=STATUS_NEW
STATUS_NEW$=h5
STATUS_NOUSERSELECTED=STATUS_NOUSERSELECTED
STATUS_NOUSERSELECTED$=id
STATUS_PASSWORDCHANGED=STATUS_PASSWORDCHANGED
STATUS_PASSWORDCHANGED$=fw
STATUS_SUCCESS=STATUS_SUCCESS
STATUS_SUCCESS$=ie
STATUS_TOOMANYBADPASSWORDS=STATUS_TOOMANYBADPASSWORDS
STATUS_TOOMANYBADPASSWORDS$=ee
Sigma0=me
Sigma1=mf
Slice=Slice
Stroke=nU
SyntaxError=kZ
T=l5
T1=mb
T2=mg
TYPE_BINARY=jK
TYPE_HTML=jL
TYPE_MESSAGE_BAR=jo
TYPE_TEXT=jp
W=l8
X=ha
Xi=hl
Y=hi
Z=hh
_DateFormat=bS
_Delete=bD
_Draw=bT
_DrawBox=bU
_DrawLine=bV
_GetArrayMax=cx
_GetArrayMin=cy
_GetXGrid=bW
_GetYGrid=bX
_IE=bL
_LineMoveTo=bY
_LineResizeTo=bZ
_MoveTo=b0
_N_Area=cz
_N_Arrow=cA
_N_Bar=cB
_N_Box=bM
_N_Dia=bN
_N_Dot=cC
_N_Line=bO
_N_Pix=cD
_PathToScript=cE
_RealX=b1
_RealY=b2
_ResizeTo=b3
_ScreenX=b4
_ScreenY=b5
_SetBarColor=b6
_SetBarText=b7
_SetBorder=b8
_SetColor=b9
_SetFont=bP
_SetFrame=c_
_SetGridColor=ca
_SetText=cb
_SetTitle=bE
_SetVisibility=bF
_SetWindow=bG
_a=nj
_aa=mV
_b=mW
_bb=mX
_cursor=a4
_dSize=bc
_nav4=cF
_nvl=aP
_oy=m9
_pxb=mO
_s=mJ
_sign=a2
_st=n_
_tt=na
_x=nb
_x2=m1
_y=mU
_y2=m2
_zIndex=bl
a=cS
aa=ba
aa2=mP
aa4=m3
abortRPC=abortRPC
abortRPC$=ld
action=_p
activate=kH
ad=mS
add=fW
addArgs=k5
addLinkToNode=addLinkToNode
addLinkToNode$=e9
addQueryArgs=mz
alertText=eS
alg=dP
all32Bits=da
allPrefs=kQ
and=c4
angle=j2
angleInRadians=j9
app=_J
appLocal=_X
appPath=_q
append=ki
appendToString=n6
applet=_j
appletCheck=ag
appletClass=_K
appletMsg=i0
appletName=_t
arg=i1
arg0=gU
argc=k0
args=gM
argv=k1
array=kj
arrayToHex=d3
array_x=m4
array_y=mQ
attrEsc=attrEsc
attrEsc$=_Y
attrs=ga
b=i
bar=eG
barCode39=barCode39
barCode39$=cO
base64=_h
bb=be
bgColor=eK
bitCount=nX
bitNum=dB
bits=gV
bkey=G
blank=eF
bom=iH
borderColor=eT
br=kr
browserAppleWebKit=browserAppleWebKit
browserAppleWebKit$=fG
browserChrome=fI
browserGecko=fJ
browserIE=_E
browserIE50=fK
browserIE7=fL
browserNetscape=ah
browserNetscape4=fM
browserNetscape6=fN
browserNoJava=_Z
browserOpera=fO
browserVersion=fH
btn=f_
buildCachedKeyValue=ai
byteIndex=n0
byteNum=dA
byteToHex=mp
bytesToState=_d
c=au
c151=cG
cBsTIFBs=_x
cBsTIFBsRE=_F
cDaS=_L
cDefaultAlgNames=i2
cDefaultAlgParams=i3
cDefaultExpiries=i4
cDefaultRId=jq
cMappedRE=_G
cOA=hz
cOL=hB
cTIF=_M
cUsersRE=_0
cacheKey=gp
cachedBytes=Y
callRPC=callRPC
callRPC$=jr
callback=kE
carry=gY
caseless=mu
cb=y
ccb=a1
ccl=aV
ccr=aW
cct=aU
center=jN
chart=kk
checkStringCRC=dL
checked=eL
checksum=cP
chkDHTM=np
chunkSize=n2
circle=jO
clcb=ob
clearChildren=clearChildren
clearChildren$=eU
clearUI=eB
cls=eH
code=cJ
codeArray=cM
codeBook=n4
codeLen=cK
codeLengthCounts=n8
codeLengths=n9
col=f7
col1=Z
col2=H
col3=u
color=k_
colorRect=f8
completionScript=i5
compressionType=n1
cont=d8
continueDecryption=ef
continueDisplayPayload=iN
continueInflate=oc
continueInitializingPayload=iy
continueProcessPayload=i6
convert=is
cookie=_o
cookieName=gs
count=_1
crc=dz
createAccessor=kY
cryptDocs=eg
cryptText=_e
cur=n
curBits=nY
curCharCodes=hA
curDepth=dY
curHandled=_y
curInLen=hC
curInStr=hH
curInitState=io
curLen=hD
curNames=fT
curOutArray=hQ
curOutLen=hR
curPos=hE
curRetries=d9
curState=_z
curStatus=hF
curValue=kT
curlen=I
cx=j3
cy=j4
d=dE
dH=hG
dHL=hL
dI=hy
dO=hM
data=av
dataHash=hS
dataHashLen=hT
dataIndex=hI
ddir=bo
deBounceTimer=ip
deBouncing=iz
debugLevel=_u
decKey=iI
decrypt=aC
decrypting=hN
decryptorObj=hJ
def=gN
deferredPreparePayload=iO
deg=kl
deg2radians=jU
degreeRadians=km
delCachedKey=gx
delCachedSessionKey=delCachedSessionKey
delCachedSessionKey$=gA
delCachedUserKey=delCachedUserKey
delCachedUserKey$=gB
delCookie=aj
deltax=aQ
deltay=aR
dh=nc
digest=dw
digestBlock=hp
digested=l6
dir=_A
dirs=_B
display=ij
displayError=displayError
displayError$=fa
displayMessage=displayMessage
displayMessage$=et
displayPayload=i7
displaySaveLocation=displaySaveLocation
displaySaveLocation$=fb
distanceCodeBook=o_
divtext=aJ
docLocal=_2
docPath=_v
domain=dn
done=dZ
dot9=J
dotB=K
dotD=L
dotE=M
draw=ks
drawPieChart=drawPieChart
drw=mM
dst=hs
dt=ht
duration=i8
dw=nf
dx=aN
dy=aO
e=dq
elem=eq
elements=j5
elems=ev
emulateBitwise=c5
enable=eM
encKey=gw
end=dx
endAngle=kn
endRads=jY
endTime=h6
ends=hx
envelopeToolsLoaded=_3
err=fx
error=eN
esc=_N
escValue=_4
expandCodeLengths=n5
expires=dm
expiry=gt
explode=f6
extractPayload=iP
f=eI
fam=nq
fetchString=od
field=eC
fil=fc
fileName=fY
files=fd
fill=kt
fin=_f
finalLen=oe
findApplet=ak
finish=hK
finishCryptInflation=e_
finishDecryption=ea
finishDisplayPayload=iQ
finishInflation=eh
finishInitializingPayload=iJ
finishPlainInflation=eb
finishProcessing=ec
firstChar=iR
fixMultilineString=fixMultilineString
fixMultilineString$=go
flags=gq
fn=a8
fns=iq
focused=fe
forDecrypt=_i
forceGPT=fP
form=ey
formKey=formKey
formKey$=mv
formLocale=gP
functionName=_w
functionType=kL
g=ma
gAppletPath=_O
gAppletRun=_P
gAppletRunning=_5
gCRCer=dI
gDefaultAttrs=_Q
gDeferredState=ih
gEvent=js
gInternalText=gInternalText
gLocale=gLocale
gMessageBarText=_6
gPrefs=gPrefs
gPrefs$=_n
gRemovedObjects=eV
gUserArg=gUserArg
gUserArg$=fy
genButton=genButton
genButton$=eW
genButtonByID=fz
genCheckbox=genCheckbox
genCheckbox$=eX
genCheckboxByID=fA
genId=genId
genId$=mw
genLink=genLink
genLink$=eY
genLinkByID$=fB
genStringCRC=dM
getArcPoint=j6
getCachedKey=gy
getCachedSessionKey=getCachedSessionKey
getCachedSessionKey$=gC
getCachedUserKey=gG
getCookie=al
getCryptorInstance=dQ
getDecryptorInstance=dS
getElementById=getElementById
getElementById$=am
getEncryptorInstance=dT
getHashInstance=dU
getHeight=getHeight
getHeight$=ff
getLocale=getLocale
getLocale$=gQ
getText=getText
getText$=er
getWidth=getWidth
getWidth$=fg
granularity=ku
granularityDeg=ko
granularityRads=ka
h=gh
handleOpen=jt
handlePasswordExpirationWarning=ju
handlePasswordExpirationWarningIframe=jv
hasFocus=eZ
hash=iS
hashedKey=iK
hasher=hU
haveCookies=du
hdist=of
height=cc
hh=aX
hi=gZ
hideWithComments=fQ
hideWithXMP=fR
hlit=n7
hod=mE
href=ez
htmPrtRpc=nr
htmRpc=ns
htmlText=fh
i=_
iSumArray=cQ
id=aL
idCount=mt
ignoreAppletImage=_7
ignoreCallback=k7
ii=aK
image=f1
imageArray=gd
imageArrayLen=gi
img=_m
imgSrc=nt
inNew=gl
inStr=cV
ind1=mY
ind2=mZ
index=ik
initializeFrame=initializeFrame
initializePayload=initializePayload
initializePayload$=i9
input=dC
inputInt=g0
inputs=g1
insertElem=e0
insertID=fi
insertRow=insertRow
insertRow$=fj
integer_compare=nu
interpolateImpl=gO
interpolateText=interpolateText
interpolateText$=gR
ints=nd
invSBox=f
invdifx=bf
invdify=bg
isArray=aD
isScaleText=bq
isString=dF
isVisible=bH
iso=mr
itext=a9
iv=z
j=b
jcArgs=k9
jca=k4
jg=jM
jg_dom=m5
jg_fast=m6
jg_ie=m0
jg_ihtm=ng
jg_moz=nh
jg_n4=nv
jsGraphics=jsGraphics
jsgFont=nw
jsgStroke=nx
k=aE
key=j
keyName=gu
keylen=o
keys=dO
keysize=aA
l=d
lH=l9
lI=ax
lJ=az
lK=ml
lM=lV
lMi=lU
lS=ay
lW=lW
label=fk
labelID=e1
lastBSlash=fU
lastFSlash=fV
launchPayload=an
lay=bp
leadAngle=jV
left=bI
len=cT
limitString=d1
lineLen=mq
linkInlineImage=linkInlineImage
linkInlineImage$=gm
list=_r
literalCodeBook=oa
ll=bd
lo=g2
loadApplet=_R
localDecoder=h7
locale=gL
long2String=dG
longArray2String=g6
ls=c6
m=cU
makeCircle=ny
makeInlineImage=makeInlineImage
makeInlineImage$=gj
mask=g4
max=g5
maxBits=n3
maxDepth=dW
maxInterval=kF
maxy=m7
mergeObjects=ao
messageBar=ii
metaPayloadId=jw
metaPayloadName=jx
mi=hj
minHeight=cL
minInterval=kA
miny=ne
mkDiv=nz
mkDivIe=nA
mkDivPrt=nB
mkLin=nC
mkLin2D=nD
mkLinDott=nE
mkLyr=nF
mkOv=nG
mkOv2D=nH
mkOvDott=nI
mkRect=nk
mkRectDott=nJ
ml=hm
mm=bm
modded=kR
msg=d2
msgID=gv
msgId=eA
n=dV
name=_8
names=dN
namestart=dr
nativeMap=eD
nbsp=a0
needOne=l7
needSetCookie=ap
neg31Bits=c3
negBit31=c0
newStatus=hV
newURL=mn
newValue=kO
nextCode=og
nextElem=eO
nextID=eJ
nextiv=Q
nn=hW
noBlank=gb
noResponse=le
normalize=gW
not=c2
o=_s
objectToString=d0
offset=N
ok=d4
ol=hk
olb=hn
oldPayload=il
onclick=es
oo=cH
openOnline=openOnline
openOnline$=it
openWindow=openWindow
openWindow$=fl
openerObj=d6
or=c7
out=R
outer=e2
output=im
overlayMessageOnEnvelope=aq
ox=mB
oy=mA
p=f5
pad=cW
padding=l2
palette=f9
param=_k
params=v
path=_S
payload=payload
payloadData=ig
payloadId=iu
payloadName=iT
payloadRef=_l
pct=j7
pct2degrees=jZ
pct2radians=kv
ped=iA
percent=kp
pew=iB
plainDocs=ei
plainKey=hX
plainText=w
pntCnv=nK
pntCnvDom=nL
pntCnvIe=nM
pntCnvIhtm=nN
pntDoc=nO
poller=kM
polling=kI
polyInts=mT
polygonX=jW
polygonY=jX
pos31Bits=cZ
posBit31=c1
posBit32=cY
pr=mF
prefix=ir
prefs=kP
prev=gk
prevRequestDuration=k6
prevRequestNumber=k8
print=kq
println=jR
processPayload=processPayload
processPayload$=j_
progress=iv
progressRatio=h8
prop=hr
pru=mK
prv=h
pxb=nV
pxl=mL
pxr=nW
pxt=mR
pxw=m8
q=kS
question=mx
r=aI
r1=r1
r2=r2
r3=r3
r4=r4
r5=r5
r6=r6
r7=r7
ra=ra
rad=nP
radians=kw
radius=jS
ratio=oh
re=gS
recipient=gr
rectSize=f4
rectangle=kx
refreshBrowser=refreshBrowser
refreshBrowser$=fm
refreshElementText=fC
refreshElementText$=fn
refreshElementTextImpl$=fo
regex=nl
removeID=eP
removeRow=removeRow
removeRow$=fp
result=__
rh=rh
ri=ri
rj=rj
rk=rk
rl=rl
rm=rm
rn=rn
ro=ro
rol=hb
round=A
row=a
row0=q
row0i=B
row1=r
row1i=C
row2=s
row2i=D
row3=t
row3i=E
rp=rp
rpcArgs=iw
rpcstate=ja
rq=rq
rr=bb
rs=rs
rs0=c8
rss=c9
s=c
sBox=p
sI=aB
sJ=aF
salt=h9
secure=dt
segment=hw
selObj=aH
sep=my
separator=ms
sessionKey=gD
setButtons=setButtons
setButtons$=e3
setCachedKey=ep
setCachedSessionKey=setCachedSessionKey
setCachedSessionKey$=gE
setCachedUserKey=gH
setCookie=_9
setFocus=setFocus
setFocus$=e4
setFocused=setFocused
setFocused$=e5
setInnerText=setInnerText
setInnerText$=ew
setInnerTextFromId$=fD
setLocale=setLocale
setLocale$=gT
shortCircuit=jb
sigma0=mh
sigma1=mi
size=f3
skipPlain=hO
slices=jP
src=hu
ss=br
ss2=bj
st=hv
start=dy
startAngle=jT
startApplet=ar
startAppletLocal=_T
startAppletRemote=_C
startAppletSearch=_D
startDecryption=ej
startInflate=ek
startProcessing=iU
startRads=kb
state=m
stateToBytes=_a
statusText=e6
str=cN
strIndex=hY
strToHex=d5
string=gK
strs=dX
sty=nQ
sub=a3
submit=eQ
suffix=fX
suggestions=fS
sum=cI
sumArray=cR
sz=nR
t=aw
table=dD
target=eR
tempPoint=jQ
tempa=nZ
text=ex
textID=e7
textIdMap=eE
theAction=bh
theBorderColor=cd
theBorderWidth=ce
theBottom=bs
theBottomY=cf
theColor=a5
theDrawColor=bJ
theFont=cg
theGridColor=bt
theHeight=bu
theLeft=aY
theLeftX=ch
theRealX=ci
theRealY=cj
theRight=bv
theRightX=ck
theScaleX=cl
theScaleY=cm
theScreenX=cn
theScreenY=co
theSize=cp
theSubGridColor=bw
theText=bx
theTextColor=b_
theTitle=bK
theTooltipText=bn
theTop=aZ
theTopY=cq
theWidth=by
theWindow=cr
theX0=bz
theX1=bA
theY0=bB
theY1=bC
theta=j8
timeout=kB
timeoutId=as
tl=ho
toUTF8=jy
total=l0
totalBytes=hZ
totalDone=h0
totalLen=l4
totalTime=kC
transparent=gn
tt=bi
txt=nS
type=ky
typeObject=aG
typeString=dv
typeUndefined=fE
u=bk
ua=at
unesc=a_
unicode=hq
uniqueName=fZ
unpoll=kJ
unused=gc
update=dH
updateBoolean=kU
updateFixed=dK
updateInteger=kV
updateLocale=updateLocale
updatePrepareProgress=updatePrepareProgress
updatePrepareProgress$=fq
updateProgress=updateProgress
updateProgress$=e8
updateText=updateText
url=ge
userArg=eu
userKey=h1
userText=userText
usingApplet=iV
utf8=mo
v=e
value=_H
valueend=dp
valuestart=ds
verifyPostmark=verifyPostmark
verifyPostmark$=kN
verifySignature=verifySignature
verifySignature$=mm
version=kW
visibility=bQ
vv=bR
w=g
waitTime=kz
wi=hc
width=cs
wnd=nT
wod=mI
word=gX
wrongAddress=wrongAddress
ww=aM
x=S
x0=aS
x1=mH
x2=mG
xOff=kc
xl=nm
xor=d_
xr=a6
xtime=_b
xx0=ct
xx1=cu
y=T
y0=aT
y1=mD
y2=mC
yIncr=mN
yOff=kd
yb=nn
yr=a7
yt=no
ytime=_g
yy0=cv
yy1=cw
z=lX
zc=zc
zd=zd
zi=zi
zj=zj
zk=zk
zl=zl
zm=zm
zn=zn
zo=zo
zp=zp
zq=zq
zr=zr
zs=zs
zt=zt
zw=zw
zx=zx
zy=zy
zz=zz
